#
# There is insufficient memory for the Java Runtime Environment to continue.
# Native memory allocation (mmap) failed to map 199229440 bytes for G1 virtual space
# Possible reasons:
#   The system is out of physical RAM or swap space
#   The process is running with CompressedOops enabled, and the Java Heap may be blocking the growth of the native heap
# Possible solutions:
#   Reduce memory load on the system
#   Increase physical memory or swap space
#   Check if swap backing store is full
#   Decrease Java heap size (-Xmx/-Xms)
#   Decrease number of Java threads
#   Decrease Java thread stack sizes (-Xss)
#   Set larger code cache with -XX:ReservedCodeCacheSize=
#   JVM is running with Zero Based Compressed Oops mode in which the Java heap is
#     placed in the first 32GB address space. The Java Heap base address is the
#     maximum limit for the native heap growth. Please use -XX:HeapBaseMinAddress
#     to set the Java Heap base and to place the Java Heap above 32GB virtual address.
# This output file may be truncated or incomplete.
#
#  Out of Memory Error (os_windows.cpp:3825), pid=13220, tid=11236
#
# JRE version:  (17.0.9) (build )
# Java VM: OpenJDK 64-Bit Server VM (17.0.9+0--11185874, mixed mode, sharing, tiered, compressed oops, compressed class ptrs, g1 gc, windows-amd64)
# No core dump will be written. Minidumps are not enabled by default on client versions of Windows
#

---------------  S U M M A R Y ------------

Command Line: org.jetbrains.kotlin.cli.jvm.K2JVMCompiler @D:\SmartAgri Mobile Application\SmartAgri\app\build\20260212_2216903940220569584.compiler.options

Host: Intel(R) Core(TM) i5-1035G1 CPU @ 1.00GHz, 8 cores, 11G,  Windows 11 , 64 bit Build 26100 (10.0.26100.7705)
Time: Thu Feb 12 17:25:18 2026 China Standard Time elapsed time: 0.013764 seconds (0d 0h 0m 0s)

---------------  T H R E A D  ---------------

Current thread (0x000001b7e434c6c0):  JavaThread "Unknown thread" [_thread_in_vm, id=11236, stack(0x000000b0cc600000,0x000000b0cc700000)]

Stack: [0x000000b0cc600000,0x000000b0cc700000]
Native frames: (J=compiled Java code, j=interpreted, Vv=VM code, C=native code)
V  [jvm.dll+0x6886e9]
V  [jvm.dll+0x841e4a]
V  [jvm.dll+0x843a8e]
V  [jvm.dll+0x8440f3]
V  [jvm.dll+0x24c14f]
V  [jvm.dll+0x685499]
V  [jvm.dll+0x679c2a]
V  [jvm.dll+0x30cf9b]
V  [jvm.dll+0x314446]
V  [jvm.dll+0x36425e]
V  [jvm.dll+0x36448f]
V  [jvm.dll+0x2e2d68]
V  [jvm.dll+0x2e3cd4]
V  [jvm.dll+0x8129f1]
V  [jvm.dll+0x3720c1]
V  [jvm.dll+0x7f152c]
V  [jvm.dll+0x3f5d4f]
V  [jvm.dll+0x3f7981]
C  [jli.dll+0x528f]
C  [ucrtbase.dll+0x37b0]
C  [KERNEL32.DLL+0x2e8d7]
C  [ntdll.dll+0x8c40c]


---------------  P R O C E S S  ---------------

Threads class SMR info:
_java_thread_list=0x00007ff84a45ef18, length=0, elements={
}

Java Threads: ( => current thread )

Other Threads:
  0x000001b7e43a3b90 GCTaskThread "GC Thread#0" [stack: 0x000000b0cc700000,0x000000b0cc800000] [id=17888]
  0x000001b7e43b07a0 ConcurrentGCThread "G1 Main Marker" [stack: 0x000000b0cc800000,0x000000b0cc900000] [id=13180]
  0x000001b7e43b11c0 ConcurrentGCThread "G1 Conc#0" [stack: 0x000000b0cc900000,0x000000b0cca00000] [id=2180]

[error occurred during error reporting (printing all threads), id 0xc0000005, EXCEPTION_ACCESS_VIOLATION (0xc0000005) at pc=0x00007ff849c13937]

VM state: not at safepoint (not fully initialized)

VM Mutex/Monitor currently owned by a thread:  ([mutex/lock_event])
[0x000001b7e43495f0] Heap_lock - owner thread: 0x000001b7e434c6c0

Heap address: 0x0000000743400000, size: 3020 MB, Compressed Oops mode: Zero based, Oop shift amount: 3

CDS archive(s) mapped at: [0x0000000000000000-0x0000000000000000-0x0000000000000000), size 0, SharedBaseAddress: 0x0000000800000000, ArchiveRelocationMode: 1.
Narrow klass base: 0x0000000000000000, Narrow klass shift: 0, Narrow klass range: 0x0

GC Precious Log:
<Empty>

Heap:
 garbage-first heap   total 0K, used 0K [0x0000000743400000, 0x0000000800000000)
  region size 2048K, 0 young (0K), 0 survivors (0K)
 Metaspace       used 0K, committed 0K, reserved 0K
  class space    used 0K, committed 0K, reserved 0K

Heap Regions: E=young(eden), S=young(survivor), O=old, HS=humongous(starts), HC=humongous(continues), CS=collection set, F=free, OA=open archive, CA=closed archive, TAMS=top-at-mark-start (previous, next)

Card table byte_map: [0x000001b7f8e00000,0x000001b7f93f0000] _byte_map_base: 0x000001b7f53e6000

Marking Bits (Prev, Next): (CMBitMap*) 0x000001b7e43a41b0, (CMBitMap*) 0x000001b7e43a41f0
 Prev Bits: [0x000001b7f99e0000, 0x000001b7fc910000)
 Next Bits: [0x000001b7fc910000, 0x000001b7ff840000)

GC Heap History (0 events):
No events

Dll operation events (1 events):
Event: 0.009 Loaded shared library C:\Program Files\Android\Android Studio1\jbr\bin\java.dll

Deoptimization events (0 events):
No events

Classes unloaded (0 events):
No events

Classes redefined (0 events):
No events

Internal exceptions (0 events):
No events

VM Operations (0 events):
No events

Events (0 events):
No events


Dynamic libraries:
0x00007ff622880000 - 0x00007ff62288a000 	C:\Program Files\Android\Android Studio1\jbr\bin\java.exe
0x00007ff8adb60000 - 0x00007ff8addc8000 	C:\WINDOWS\SYSTEM32\ntdll.dll
0x00007ff8acb00000 - 0x00007ff8acbc9000 	C:\WINDOWS\System32\KERNEL32.DLL
0x00007ff8ab500000 - 0x00007ff8ab8f1000 	C:\WINDOWS\System32\KERNELBASE.dll
0x00007ff8aa4d0000 - 0x00007ff8aa61b000 	C:\WINDOWS\System32\ucrtbase.dll
0x00007ff8996f0000 - 0x00007ff899707000 	C:\Program Files\Android\Android Studio1\jbr\bin\jli.dll
0x00007ff8a4680000 - 0x00007ff8a469b000 	C:\Program Files\Android\Android Studio1\jbr\bin\VCRUNTIME140.dll
0x00007ff8ab910000 - 0x00007ff8abad6000 	C:\WINDOWS\System32\USER32.dll
0x00007ff8ab180000 - 0x00007ff8ab1a7000 	C:\WINDOWS\System32\win32u.dll
0x00007ff8942f0000 - 0x00007ff894583000 	C:\WINDOWS\WinSxS\amd64_microsoft.windows.common-controls_6595b64144ccf1df_6.0.26100.7705_none_3e06597ae3363b04\COMCTL32.dll
0x00007ff8ad180000 - 0x00007ff8ad1ab000 	C:\WINDOWS\System32\GDI32.dll
0x00007ff8ab1b0000 - 0x00007ff8ab2db000 	C:\WINDOWS\System32\gdi32full.dll
0x00007ff8ad2a0000 - 0x00007ff8ad349000 	C:\WINDOWS\System32\msvcrt.dll
0x00007ff8aa620000 - 0x00007ff8aa6c3000 	C:\WINDOWS\System32\msvcp_win.dll
0x00007ff8ada90000 - 0x00007ff8adac1000 	C:\WINDOWS\System32\IMM32.DLL
0x0000000067750000 - 0x000000006775c000 	C:\Program Files (x86)\360\Total Security\safemon\SafeWrapper.dll
0x00007ff8ad6c0000 - 0x00007ff8ad774000 	C:\WINDOWS\System32\ADVAPI32.dll
0x00007ff8ad610000 - 0x00007ff8ad6b6000 	C:\WINDOWS\System32\sechost.dll
0x00007ff8accd0000 - 0x00007ff8acde8000 	C:\WINDOWS\System32\RPCRT4.dll
0x00007ff8757a0000 - 0x00007ff87584c000 	C:\Program Files (x86)\360\Total Security\safemon\libzdtp64.dll
0x00007ff8abae0000 - 0x00007ff8ac231000 	C:\WINDOWS\System32\SHELL32.dll
0x00007ff8ab390000 - 0x00007ff8ab4fa000 	C:\WINDOWS\System32\wintypes.dll
0x00007ff8acdf0000 - 0x00007ff8ad176000 	C:\WINDOWS\System32\combase.dll
0x00007ff8ac910000 - 0x00007ff8ac977000 	C:\WINDOWS\System32\SHLWAPI.dll
0x00007ff8aa850000 - 0x00007ff8ab0b2000 	C:\WINDOWS\System32\Windows.Storage.dll
0x00007ff8a9d60000 - 0x00007ff8a9d6b000 	C:\WINDOWS\SYSTEM32\VERSION.dll
0x00007ff89bf30000 - 0x00007ff89bf3c000 	C:\Program Files\Android\Android Studio1\jbr\bin\vcruntime140_1.dll
0x00007ff872bf0000 - 0x00007ff872c7d000 	C:\Program Files\Android\Android Studio1\jbr\bin\msvcp140.dll
0x00007ff849920000 - 0x00007ff84a5a3000 	C:\Program Files\Android\Android Studio1\jbr\bin\server\jvm.dll
0x00007ff89d330000 - 0x00007ff89d33a000 	C:\WINDOWS\SYSTEM32\WSOCK32.dll
0x00007ff8ac800000 - 0x00007ff8ac874000 	C:\WINDOWS\System32\WS2_32.dll
0x00007ff8aa2c0000 - 0x00007ff8aa31e000 	C:\WINDOWS\SYSTEM32\POWRPROF.dll
0x00007ff88f570000 - 0x00007ff88f5a5000 	C:\WINDOWS\SYSTEM32\WINMM.dll
0x00007ff8aa2a0000 - 0x00007ff8aa2b4000 	C:\WINDOWS\SYSTEM32\UMPDC.dll
0x00007ff8a9150000 - 0x00007ff8a916b000 	C:\WINDOWS\SYSTEM32\kernel.appcore.dll
0x00007ff8a6690000 - 0x00007ff8a669a000 	C:\Program Files\Android\Android Studio1\jbr\bin\jimage.dll
0x00007ff89e0c0000 - 0x00007ff89e302000 	C:\WINDOWS\SYSTEM32\DBGHELP.DLL
0x00007ff8ad1c0000 - 0x00007ff8ad297000 	C:\WINDOWS\System32\OLEAUT32.dll
0x00007ff89e080000 - 0x00007ff89e0bb000 	C:\WINDOWS\SYSTEM32\dbgcore.DLL
0x00007ff8ab2e0000 - 0x00007ff8ab385000 	C:\WINDOWS\System32\bcryptPrimitives.dll
0x00007ff893a40000 - 0x00007ff893a65000 	C:\Program Files\Android\Android Studio1\jbr\bin\java.dll

dbghelp: loaded successfully - version: 4.0.5 - missing functions: none
symbol engine: initialized successfully - sym options: 0x614 - pdb path: .;C:\Program Files\Android\Android Studio1\jbr\bin;C:\WINDOWS\SYSTEM32;C:\WINDOWS\WinSxS\amd64_microsoft.windows.common-controls_6595b64144ccf1df_6.0.26100.7705_none_3e06597ae3363b04;C:\Program Files (x86)\360\Total Security\safemon;C:\Program Files\Android\Android Studio1\jbr\bin\server

VM Arguments:
java_command: org.jetbrains.kotlin.cli.jvm.K2JVMCompiler @D:\SmartAgri Mobile Application\SmartAgri\app\build\20260212_2216903940220569584.compiler.options
java_class_path (initial): C:\Users\acer\.gradle\caches\modules-2\files-2.1\org.jetbrains.kotlin\kotlin-compiler-embeddable\1.9.0\2c8c3a7402becca891f12739b3e9fd2dc2adbd7a\kotlin-compiler-embeddable-1.9.0.jar;C:\Users\acer\.gradle\caches\modules-2\files-2.1\org.jetbrains.kotlin\kotlin-stdlib\1.9.0\8ee15ef0c67dc83d874f412d84378d7f0eb50b63\kotlin-stdlib-1.9.0.jar;C:\Users\acer\.gradle\caches\modules-2\files-2.1\org.jetbrains.kotlin\kotlin-script-runtime\1.9.0\4b3102cbbb7e1b58d9d1adf89563f00069ffa7d1\kotlin-script-runtime-1.9.0.jar;C:\Users\acer\.gradle\caches\modules-2\files-2.1\org.jetbrains.kotlin\kotlin-reflect\1.6.10\1cbe9c92c12a94eea200d23c2bbaedaf3daf5132\kotlin-reflect-1.6.10.jar;C:\Users\acer\.gradle\caches\modules-2\files-2.1\org.jetbrains.kotlin\kotlin-daemon-embeddable\1.9.0\186543f5e28cf8d9a0290fecc2cf34301c40a65c\kotlin-daemon-embeddable-1.9.0.jar;C:\Users\acer\.gradle\caches\modules-2\files-2.1\org.jetbrains.intellij.deps\trove4j\1.0.20200330\3afb14d5f9ceb459d724e907a21145e8ff394f02\trove4j-1.0.20200330.jar;C:\Users\acer\.gradle\caches\modules-2\files-2.1\org.jetbrains.kotlin\kotlin-stdlib-common\1.9.0\cd65c21cfd1eec4d44ef09f9f52b6d9f8a720636\kotlin-stdlib-common-1.9.0.jar;C:\Users\acer\.gradle\caches\modules-2\files-2.1\org.jetbrains\annotations\13.0\919f0dfe192fb4e063e7dacadee7f8bb9a2672a9\annotations-13.0.jar
Launcher Type: SUN_STANDARD

[Global flags]
     intx CICompilerCount                          = 4                                         {product} {ergonomic}
     uint ConcGCThreads                            = 2                                         {product} {ergonomic}
     uint G1ConcRefinementThreads                  = 8                                         {product} {ergonomic}
   size_t G1HeapRegionSize                         = 2097152                                   {product} {ergonomic}
    uintx GCDrainStackTargetSize                   = 64                                        {product} {ergonomic}
   size_t InitialHeapSize                          = 199229440                                 {product} {ergonomic}
   size_t MarkStackSize                            = 4194304                                   {product} {ergonomic}
   size_t MaxHeapSize                              = 3166699520                                {product} {ergonomic}
   size_t MinHeapDeltaBytes                        = 2097152                                   {product} {ergonomic}
   size_t MinHeapSize                              = 8388608                                   {product} {ergonomic}
    uintx NonNMethodCodeHeapSize                   = 5839372                                {pd product} {ergonomic}
    uintx NonProfiledCodeHeapSize                  = 122909434                              {pd product} {ergonomic}
    uintx ProfiledCodeHeapSize                     = 122909434                              {pd product} {ergonomic}
    uintx ReservedCodeCacheSize                    = 251658240                              {pd product} {ergonomic}
     bool SegmentedCodeCache                       = true                                      {product} {ergonomic}
   size_t SoftMaxHeapSize                          = 3166699520                             {manageable} {ergonomic}
     bool UseCompressedClassPointers               = true                           {product lp64_product} {ergonomic}
     bool UseCompressedOops                        = true                           {product lp64_product} {ergonomic}
     bool UseG1GC                                  = true                                      {product} {ergonomic}
     bool UseLargePagesIndividualAllocation        = false                                  {pd product} {ergonomic}

Logging:
Log output configuration:
 #0: stdout all=warning uptime,level,tags
 #1: stderr all=off uptime,level,tags

Environment Variables:
JAVA_HOME=C:\Program Files\JAVA\jdk-21.0.10
PATH=C:\Program Files\JAVA\jdk-21.0.10\bin;C:\Program Files\Eclipse Adoptium\jdk-17.0.17.10-hotspot\bin;C:\Python27\;C:\Python27\Scripts;C:\WINDOWS\system32;C:\WINDOWS;C:\WINDOWS\System32\Wbem;C:\WINDOWS\System32\WindowsPowerShell\v1.0\;C:\WINDOWS\System32\OpenSSH\;C:\Program Files\Microsoft SQL Server\Client SDK\ODBC\170\Tools\Binn\;C:\Program Files\dotnet\;C:\Program Files (x86)\Windows Kits\10\Windows Performance Toolkit\;C:\Program Files\Microsoft SQL Server\150\Tools\Binn\;C:\Program Files (x86)\Microsoft SQL Server\160\Tools\Binn\;C:\Program Files\Microsoft SQL Server\160\Tools\Binn\;C:\Program Files\Microsoft SQL Server\160\DTS\Binn\;C:\webdriver;C:\Program Files\Git\cmd;C:\apache-cassandra-3.11.6\bin;C:\Program Files\jdk8u442-b06\bin;C:\Program Files\Docker\Docker\resources\bin;C:\Program Files\MongoDB\mongosh-2.5.0-win32-x64\bin;C:\Users\acer\.config\herd\bin\nvm;C:\Program Files\nodejs;C:\ProgramData\ComposerSetup\bin;C:\xampp\php;C:\php-8.4.11;C:\xampps\php;C:\Program Files\nodejs\;C:\Program Files\JAVA\jdk-21.0.10;C:\Program Files\JAVA\jdk-21.0.10;C:\Users\acer\AppData\Local\Programs\Microsoft VS Code\bin
USERNAME=acer
OS=Windows_NT
PROCESSOR_IDENTIFIER=Intel64 Family 6 Model 126 Stepping 5, GenuineIntel
TMP=C:\Users\acer\AppData\Local\Temp
TEMP=C:\Users\acer\AppData\Local\Temp



Periodic native trim disabled

JNI global refs:
JNI global refs: 0, weak refs: 0

JNI global refs memory usage: 0, weak refs: 0

OOME stack traces (most recent first):
Classloader memory used:


---------------  S Y S T E M  ---------------

OS:
 Windows 11 , 64 bit Build 26100 (10.0.26100.7705)
OS uptime: 0 days 7:20 hours
Hyper-V role detected

CPU: total 8 (initial active 8) (4 cores per cpu, 2 threads per core) family 6 model 126 stepping 5 microcode 0x86, cx8, cmov, fxsr, ht, mmx, 3dnowpref, sse, sse2, sse3, ssse3, sse4.1, sse4.2, popcnt, lzcnt, tsc, tscinvbit, avx, avx2, aes, erms, clmul, bmi1, bmi2, adx, avx512f, avx512dq, avx512cd, avx512bw, avx512vl, sha, fma, vzeroupper, avx512_vpopcntdq, avx512_vpclmulqdq, avx512_vaes, avx512_vnni, clflush, clflushopt, avx512_vbmi2, avx512_vbmi, hv
Processor Information for all 8 processors :
  Max Mhz: 1190, Current Mhz: 991, Mhz Limit: 987

Memory: 4k page, system-wide physical 12077M (1270M free)
TotalPageFile size 15589M (AvailPageFile size 184M)
current process WorkingSet (physical memory assigned to process): 14M, peak: 14M
current process commit charge ("private bytes"): 61M, peak: 251M

vm_info: OpenJDK 64-Bit Server VM (17.0.9+0--11185874) for windows-amd64 JRE (17.0.9+0--11185874), built on Dec  6 2023 18:57:44 by "androidbuild" with MS VC++ 16.10 / 16.11 (VS2019)

END.
