#
# There is insufficient memory for the Java Runtime Environment to continue.
# Native memory allocation (malloc) failed to allocate 2065552 bytes for Chunk::new
# Possible reasons:
#   The system is out of physical RAM or swap space
#   The process is running with CompressedOops enabled, and the Java Heap may be blocking the growth of the native heap
# Possible solutions:
#   Reduce memory load on the system
#   Increase physical memory or swap space
#   Check if swap backing store is full
#   Decrease Java heap size (-Xmx/-Xms)
#   Decrease number of Java threads
#   Decrease Java thread stack sizes (-Xss)
#   Set larger code cache with -XX:ReservedCodeCacheSize=
#   JVM is running with Zero Based Compressed Oops mode in which the Java heap is
#     placed in the first 32GB address space. The Java Heap base address is the
#     maximum limit for the native heap growth. Please use -XX:HeapBaseMinAddress
#     to set the Java Heap base and to place the Java Heap above 32GB virtual address.
# This output file may be truncated or incomplete.
#
#  Out of Memory Error (arena.cpp:191), pid=2424, tid=17860
#
# JRE version: OpenJDK Runtime Environment (17.0.9) (build 17.0.9+0--11185874)
# Java VM: OpenJDK 64-Bit Server VM (17.0.9+0--11185874, mixed mode, tiered, compressed oops, compressed class ptrs, g1 gc, windows-amd64)
# No core dump will be written. Minidumps are not enabled by default on client versions of Windows
#

---------------  S U M M A R Y ------------

Command Line: org.jetbrains.kotlin.cli.jvm.K2JVMCompiler @D:\SmartAgri Mobile Application\SmartAgri\app\build\20260212_15813671039368145980.compiler.options

Host: Intel(R) Core(TM) i5-1035G1 CPU @ 1.00GHz, 8 cores, 11G,  Windows 11 , 64 bit Build 26100 (10.0.26100.7705)
Time: Thu Feb 12 17:21:02 2026 China Standard Time elapsed time: 24.016431 seconds (0d 0h 0m 24s)

---------------  T H R E A D  ---------------

Current thread (0x0000020b80edcd40):  JavaThread "C2 CompilerThread1" daemon [_thread_in_native, id=17860, stack(0x00000030a9700000,0x00000030a9800000)]


Current CompileTask:
C2:  24016 13751       4       org.jetbrains.kotlin.backend.jvm.MemoizedValueClassAbstractReplacements$replaceOverriddenSymbolsImpl$1::invoke (9 bytes)

Stack: [0x00000030a9700000,0x00000030a9800000]
Native frames: (J=compiled Java code, j=interpreted, Vv=VM code, C=native code)
V  [jvm.dll+0x6886e9]
V  [jvm.dll+0x841e4a]
V  [jvm.dll+0x843a8e]
V  [jvm.dll+0x8440f3]
V  [jvm.dll+0x24c14f]
V  [jvm.dll+0xac44c]
V  [jvm.dll+0xaca9c]
V  [jvm.dll+0x36c1f7]
V  [jvm.dll+0x33651a]
V  [jvm.dll+0x3359ba]
V  [jvm.dll+0x21ddb1]
V  [jvm.dll+0x21d1d1]
V  [jvm.dll+0x1a674d]
V  [jvm.dll+0x22d088]
V  [jvm.dll+0x22b1c0]
V  [jvm.dll+0x7f62f7]
V  [jvm.dll+0x7f06aa]
V  [jvm.dll+0x687565]
C  [ucrtbase.dll+0x37b0]
C  [KERNEL32.DLL+0x2e8d7]
C  [ntdll.dll+0x8c40c]


---------------  P R O C E S S  ---------------

Threads class SMR info:
_java_thread_list=0x0000020b800d5c30, length=14, elements={
0x0000020bdcf5b050, 0x0000020bf9395260, 0x0000020bf9396430, 0x0000020bf93cb180,
0x0000020bf93cba50, 0x0000020bf93cc320, 0x0000020bf93d0d00, 0x0000020bf93d3a00,
0x0000020bf93e5930, 0x0000020bf93e6330, 0x0000020bf9567d50, 0x0000020bf956db00,
0x0000020b80edcd40, 0x0000020bfe1d4710
}

Java Threads: ( => current thread )
  0x0000020bdcf5b050 JavaThread "main" [_thread_in_Java, id=2832, stack(0x00000030a8000000,0x00000030a8100000)]
  0x0000020bf9395260 JavaThread "Reference Handler" daemon [_thread_blocked, id=6928, stack(0x00000030a8700000,0x00000030a8800000)]
  0x0000020bf9396430 JavaThread "Finalizer" daemon [_thread_blocked, id=9128, stack(0x00000030a8800000,0x00000030a8900000)]
  0x0000020bf93cb180 JavaThread "Signal Dispatcher" daemon [_thread_blocked, id=10488, stack(0x00000030a8900000,0x00000030a8a00000)]
  0x0000020bf93cba50 JavaThread "Attach Listener" daemon [_thread_blocked, id=9284, stack(0x00000030a8a00000,0x00000030a8b00000)]
  0x0000020bf93cc320 JavaThread "Service Thread" daemon [_thread_blocked, id=10404, stack(0x00000030a8b00000,0x00000030a8c00000)]
  0x0000020bf93d0d00 JavaThread "Monitor Deflation Thread" daemon [_thread_blocked, id=4080, stack(0x00000030a8c00000,0x00000030a8d00000)]
  0x0000020bf93d3a00 JavaThread "C2 CompilerThread0" daemon [_thread_in_native, id=9296, stack(0x00000030a8d00000,0x00000030a8e00000)]
  0x0000020bf93e5930 JavaThread "C1 CompilerThread0" daemon [_thread_in_native, id=6768, stack(0x00000030a8e00000,0x00000030a8f00000)]
  0x0000020bf93e6330 JavaThread "Sweeper thread" daemon [_thread_blocked, id=3300, stack(0x00000030a8f00000,0x00000030a9000000)]
  0x0000020bf9567d50 JavaThread "Notification Thread" daemon [_thread_blocked, id=8160, stack(0x00000030a9000000,0x00000030a9100000)]
  0x0000020bf956db00 JavaThread "Common-Cleaner" daemon [_thread_blocked, id=11720, stack(0x00000030a9200000,0x00000030a9300000)]
=>0x0000020b80edcd40 JavaThread "C2 CompilerThread1" daemon [_thread_in_native, id=17860, stack(0x00000030a9700000,0x00000030a9800000)]
  0x0000020bfe1d4710 JavaThread "C2 CompilerThread2" daemon [_thread_in_native, id=1324, stack(0x00000030a9c00000,0x00000030a9d00000)]

Other Threads:
  0x0000020bf9380620 VMThread "VM Thread" [stack: 0x00000030a8600000,0x00000030a8700000] [id=7044]
  0x0000020bf956ae80 WatcherThread [stack: 0x00000030a9100000,0x00000030a9200000] [id=18372]
  0x0000020bdcfb3350 GCTaskThread "GC Thread#0" [stack: 0x00000030a8100000,0x00000030a8200000] [id=9192]
  0x0000020bfe37b8f0 GCTaskThread "GC Thread#1" [stack: 0x00000030a9300000,0x00000030a9400000] [id=11936]
  0x0000020bfe411ae0 GCTaskThread "GC Thread#2" [stack: 0x00000030a9400000,0x00000030a9500000] [id=5772]
  0x0000020bfe411da0 GCTaskThread "GC Thread#3" [stack: 0x00000030a9500000,0x00000030a9600000] [id=14200]
  0x0000020bfe3dd9d0 GCTaskThread "GC Thread#4" [stack: 0x00000030a9600000,0x00000030a9700000] [id=13060]
  0x0000020bfea88dc0 GCTaskThread "GC Thread#5" [stack: 0x00000030a9800000,0x00000030a9900000] [id=7484]
  0x0000020bfec67650 GCTaskThread "GC Thread#6" [stack: 0x00000030a9900000,0x00000030a9a00000] [id=3780]
  0x0000020bfec67d90 GCTaskThread "GC Thread#7" [stack: 0x00000030a9a00000,0x00000030a9b00000] [id=5684]
  0x0000020bdcfbff60 ConcurrentGCThread "G1 Main Marker" [stack: 0x00000030a8200000,0x00000030a8300000] [id=17420]
  0x0000020bdcfc17c0 ConcurrentGCThread "G1 Conc#0" [stack: 0x00000030a8300000,0x00000030a8400000] [id=10712]
  0x0000020bfe45bf70 ConcurrentGCThread "G1 Conc#1" [stack: 0x00000030a9b00000,0x00000030a9c00000] [id=7028]
  0x0000020bf8a4bf10 ConcurrentGCThread "G1 Refine#0" [stack: 0x00000030a8400000,0x00000030a8500000] [id=6028]
  0x0000020bfed4ace0 ConcurrentGCThread "G1 Refine#1" [stack: 0x00000030a9d00000,0x00000030a9e00000] [id=11744]
  0x0000020bf8a4c7e0 ConcurrentGCThread "G1 Service" [stack: 0x00000030a8500000,0x00000030a8600000] [id=17280]

Threads with active compile tasks:
C2 CompilerThread0    24067 13839       4       org.jetbrains.kotlin.backend.jvm.MemoizedValueClassAbstractReplacements::getReplacementFunction (32 bytes)
C1 CompilerThread0    24068 13953       3       org.jetbrains.kotlin.backend.common.BodyLoweringVisitor::visitContainerExpression (13 bytes)
C2 CompilerThread1    24068 13751       4       org.jetbrains.kotlin.backend.jvm.MemoizedValueClassAbstractReplacements$replaceOverriddenSymbolsImpl$1::invoke (9 bytes)
C2 CompilerThread2    24068 13770       4       org.jetbrains.kotlin.ir.util.IrFakeOverrideUtilsKt::collectAndFilterRealOverrides$collectRealOverrides (157 bytes)

VM state: not at safepoint (normal execution)

VM Mutex/Monitor currently owned by a thread:  ([mutex/lock_event])
[0x0000020bdac79410] CodeCache_lock - owner thread: 0x0000020bf93e5930
[0x0000020bdcf581c0] Compile_lock - owner thread: 0x0000000000000000

Heap address: 0x0000000743400000, size: 3020 MB, Compressed Oops mode: Zero based, Oop shift amount: 3

CDS archive(s) not mapped
Compressed class space mapped at: 0x0000000800000000-0x0000000840000000, reserved size: 1073741824
Narrow klass base: 0x0000000800000000, Narrow klass shift: 0, Narrow klass range: 0x40000000

GC Precious Log:
 CPUs: 8 total, 8 available
 Memory: 12077M
 Large Page Support: Disabled
 NUMA Support: Disabled
 Compressed Oops: Enabled (Zero based)
 Heap Region Size: 2M
 Heap Min Capacity: 8M
 Heap Initial Capacity: 190M
 Heap Max Capacity: 3020M
 Pre-touch: Disabled
 Parallel Workers: 8
 Concurrent Workers: 2
 Concurrent Refinement Workers: 8
 Periodic GC: Disabled

Heap:
 garbage-first heap   total 155648K, used 103236K [0x0000000743400000, 0x0000000800000000)
  region size 2048K, 15 young (30720K), 3 survivors (6144K)
 Metaspace       used 81810K, committed 82112K, reserved 1179648K
  class space    used 9141K, committed 9280K, reserved 1048576K

Heap Regions: E=young(eden), S=young(survivor), O=old, HS=humongous(starts), HC=humongous(continues), CS=collection set, F=free, OA=open archive, CA=closed archive, TAMS=top-at-mark-start (previous, next)
|   0|0x0000000743400000, 0x0000000743600000, 0x0000000743600000|100%|HS|  |TAMS 0x0000000743600000, 0x0000000743400000| Complete 
|   1|0x0000000743600000, 0x0000000743800000, 0x0000000743800000|100%|HC|  |TAMS 0x0000000743800000, 0x0000000743600000| Complete 
|   2|0x0000000743800000, 0x00000007438d7400, 0x0000000743a00000| 42%| O|  |TAMS 0x00000007438d7400, 0x0000000743800000| Untracked 
|   3|0x0000000743a00000, 0x0000000743c00000, 0x0000000743c00000|100%| O|  |TAMS 0x0000000743c00000, 0x0000000743a00000| Untracked 
|   4|0x0000000743c00000, 0x0000000743e00000, 0x0000000743e00000|100%| O|  |TAMS 0x0000000743e00000, 0x0000000743c00000| Untracked 
|   5|0x0000000743e00000, 0x0000000744000000, 0x0000000744000000|100%| O|  |TAMS 0x0000000744000000, 0x0000000743e00000| Untracked 
|   6|0x0000000744000000, 0x0000000744200000, 0x0000000744200000|100%| O|  |TAMS 0x0000000744200000, 0x0000000744000000| Untracked 
|   7|0x0000000744200000, 0x0000000744400000, 0x0000000744400000|100%| O|  |TAMS 0x0000000744400000, 0x0000000744200000| Untracked 
|   8|0x0000000744400000, 0x0000000744600000, 0x0000000744600000|100%| O|  |TAMS 0x0000000744600000, 0x0000000744400000| Untracked 
|   9|0x0000000744600000, 0x0000000744800000, 0x0000000744800000|100%|HS|  |TAMS 0x0000000744800000, 0x0000000744600000| Complete 
|  10|0x0000000744800000, 0x0000000744a00000, 0x0000000744a00000|100%| O|  |TAMS 0x0000000744a00000, 0x0000000744800000| Untracked 
|  11|0x0000000744a00000, 0x0000000744c00000, 0x0000000744c00000|100%| O|  |TAMS 0x0000000744c00000, 0x0000000744a00000| Untracked 
|  12|0x0000000744c00000, 0x0000000744e00000, 0x0000000744e00000|100%| O|  |TAMS 0x0000000744e00000, 0x0000000744c00000| Untracked 
|  13|0x0000000744e00000, 0x0000000745000000, 0x0000000745000000|100%| O|  |TAMS 0x0000000745000000, 0x0000000744e00000| Untracked 
|  14|0x0000000745000000, 0x0000000745200000, 0x0000000745200000|100%| O|  |TAMS 0x0000000745200000, 0x0000000745000000| Untracked 
|  15|0x0000000745200000, 0x0000000745400000, 0x0000000745400000|100%| O|  |TAMS 0x0000000745400000, 0x0000000745200000| Untracked 
|  16|0x0000000745400000, 0x0000000745600000, 0x0000000745600000|100%| O|  |TAMS 0x0000000745600000, 0x0000000745400000| Untracked 
|  17|0x0000000745600000, 0x0000000745800000, 0x0000000745800000|100%| O|  |TAMS 0x0000000745800000, 0x0000000745600000| Untracked 
|  18|0x0000000745800000, 0x0000000745a00000, 0x0000000745a00000|100%| O|  |TAMS 0x0000000745a00000, 0x0000000745800000| Untracked 
|  19|0x0000000745a00000, 0x0000000745c00000, 0x0000000745c00000|100%| O|  |TAMS 0x0000000745c00000, 0x0000000745a00000| Untracked 
|  20|0x0000000745c00000, 0x0000000745e00000, 0x0000000745e00000|100%| O|  |TAMS 0x0000000745e00000, 0x0000000745c00000| Untracked 
|  21|0x0000000745e00000, 0x0000000746000000, 0x0000000746000000|100%| O|  |TAMS 0x0000000746000000, 0x0000000745e00000| Untracked 
|  22|0x0000000746000000, 0x0000000746200000, 0x0000000746200000|100%| O|  |TAMS 0x0000000746200000, 0x0000000746000000| Untracked 
|  23|0x0000000746200000, 0x0000000746400000, 0x0000000746400000|100%| O|  |TAMS 0x0000000746400000, 0x0000000746200000| Untracked 
|  24|0x0000000746400000, 0x0000000746600000, 0x0000000746600000|100%| O|  |TAMS 0x0000000746600000, 0x0000000746400000| Untracked 
|  25|0x0000000746600000, 0x0000000746800000, 0x0000000746800000|100%| O|  |TAMS 0x0000000746800000, 0x0000000746600000| Untracked 
|  26|0x0000000746800000, 0x0000000746a00000, 0x0000000746a00000|100%| O|  |TAMS 0x0000000746a00000, 0x0000000746800000| Untracked 
|  27|0x0000000746a00000, 0x0000000746c00000, 0x0000000746c00000|100%| O|  |TAMS 0x0000000746c00000, 0x0000000746a00000| Untracked 
|  28|0x0000000746c00000, 0x0000000746e00000, 0x0000000746e00000|100%| O|  |TAMS 0x0000000746e00000, 0x0000000746c00000| Untracked 
|  29|0x0000000746e00000, 0x0000000747000000, 0x0000000747000000|100%| O|  |TAMS 0x0000000747000000, 0x0000000746e00000| Untracked 
|  30|0x0000000747000000, 0x0000000747200000, 0x0000000747200000|100%| O|  |TAMS 0x0000000747200000, 0x0000000747000000| Complete 
|  31|0x0000000747200000, 0x0000000747400000, 0x0000000747400000|100%| O|  |TAMS 0x0000000747400000, 0x0000000747200000| Untracked 
|  32|0x0000000747400000, 0x0000000747600000, 0x0000000747600000|100%| O|  |TAMS 0x0000000747600000, 0x0000000747400000| Untracked 
|  33|0x0000000747600000, 0x0000000747800000, 0x0000000747800000|100%| O|  |TAMS 0x0000000747800000, 0x0000000747600000| Untracked 
|  34|0x0000000747800000, 0x0000000747a00000, 0x0000000747a00000|100%| O|  |TAMS 0x0000000747868a00, 0x0000000747800000| Untracked 
|  35|0x0000000747a00000, 0x0000000747c00000, 0x0000000747c00000|100%| O|  |TAMS 0x0000000747a00000, 0x0000000747a00000| Untracked 
|  36|0x0000000747c00000, 0x0000000747e00000, 0x0000000747e00000|100%| O|  |TAMS 0x0000000747c00000, 0x0000000747c00000| Untracked 
|  37|0x0000000747e00000, 0x0000000747f25600, 0x0000000748000000| 57%| O|  |TAMS 0x0000000747e00000, 0x0000000747e00000| Untracked 
|  38|0x0000000748000000, 0x0000000748000000, 0x0000000748200000|  0%| F|  |TAMS 0x0000000748000000, 0x0000000748000000| Untracked 
|  39|0x0000000748200000, 0x0000000748200000, 0x0000000748400000|  0%| F|  |TAMS 0x0000000748200000, 0x0000000748200000| Untracked 
|  40|0x0000000748400000, 0x0000000748400000, 0x0000000748600000|  0%| F|  |TAMS 0x0000000748400000, 0x0000000748400000| Untracked 
|  41|0x0000000748600000, 0x0000000748600000, 0x0000000748800000|  0%| F|  |TAMS 0x0000000748600000, 0x0000000748600000| Untracked 
|  42|0x0000000748800000, 0x0000000748800000, 0x0000000748a00000|  0%| F|  |TAMS 0x0000000748800000, 0x0000000748800000| Untracked 
|  43|0x0000000748a00000, 0x0000000748a00000, 0x0000000748c00000|  0%| F|  |TAMS 0x0000000748a00000, 0x0000000748a00000| Untracked 
|  44|0x0000000748c00000, 0x0000000748c00000, 0x0000000748e00000|  0%| F|  |TAMS 0x0000000748c00000, 0x0000000748c00000| Untracked 
|  45|0x0000000748e00000, 0x0000000748e00000, 0x0000000749000000|  0%| F|  |TAMS 0x0000000748e00000, 0x0000000748e00000| Untracked 
|  46|0x0000000749000000, 0x0000000749000000, 0x0000000749200000|  0%| F|  |TAMS 0x0000000749000000, 0x0000000749000000| Untracked 
|  47|0x0000000749200000, 0x0000000749200000, 0x0000000749400000|  0%| F|  |TAMS 0x0000000749200000, 0x0000000749200000| Untracked 
|  48|0x0000000749400000, 0x0000000749400000, 0x0000000749600000|  0%| F|  |TAMS 0x0000000749400000, 0x0000000749400000| Untracked 
|  49|0x0000000749600000, 0x0000000749600000, 0x0000000749800000|  0%| F|  |TAMS 0x0000000749600000, 0x0000000749600000| Untracked 
|  50|0x0000000749800000, 0x0000000749800000, 0x0000000749a00000|  0%| F|  |TAMS 0x0000000749800000, 0x0000000749800000| Untracked 
|  51|0x0000000749a00000, 0x0000000749a00000, 0x0000000749c00000|  0%| F|  |TAMS 0x0000000749a00000, 0x0000000749a00000| Untracked 
|  52|0x0000000749c00000, 0x0000000749cd4640, 0x0000000749e00000| 41%| S|CS|TAMS 0x0000000749c00000, 0x0000000749c00000| Complete 
|  53|0x0000000749e00000, 0x000000074a000000, 0x000000074a000000|100%| S|CS|TAMS 0x0000000749e00000, 0x0000000749e00000| Complete 
|  54|0x000000074a000000, 0x000000074a200000, 0x000000074a200000|100%| S|CS|TAMS 0x000000074a000000, 0x000000074a000000| Complete 
|  55|0x000000074a200000, 0x000000074a200000, 0x000000074a400000|  0%| F|  |TAMS 0x000000074a200000, 0x000000074a200000| Untracked 
|  56|0x000000074a400000, 0x000000074a400000, 0x000000074a600000|  0%| F|  |TAMS 0x000000074a400000, 0x000000074a400000| Untracked 
|  57|0x000000074a600000, 0x000000074a600000, 0x000000074a800000|  0%| F|  |TAMS 0x000000074a600000, 0x000000074a600000| Untracked 
|  58|0x000000074a800000, 0x000000074a800000, 0x000000074aa00000|  0%| F|  |TAMS 0x000000074a800000, 0x000000074a800000| Untracked 
|  59|0x000000074aa00000, 0x000000074aa00000, 0x000000074ac00000|  0%| F|  |TAMS 0x000000074aa00000, 0x000000074aa00000| Untracked 
|  60|0x000000074ac00000, 0x000000074ac00000, 0x000000074ae00000|  0%| F|  |TAMS 0x000000074ac00000, 0x000000074ac00000| Untracked 
|  61|0x000000074ae00000, 0x000000074ae00000, 0x000000074b000000|  0%| F|  |TAMS 0x000000074ae00000, 0x000000074ae00000| Untracked 
|  62|0x000000074b000000, 0x000000074b000000, 0x000000074b200000|  0%| F|  |TAMS 0x000000074b000000, 0x000000074b000000| Untracked 
|  63|0x000000074b200000, 0x000000074b200000, 0x000000074b400000|  0%| F|  |TAMS 0x000000074b200000, 0x000000074b200000| Untracked 
|  64|0x000000074b400000, 0x000000074b600000, 0x000000074b600000|100%| E|  |TAMS 0x000000074b400000, 0x000000074b400000| Complete 
|  65|0x000000074b600000, 0x000000074b800000, 0x000000074b800000|100%| E|CS|TAMS 0x000000074b600000, 0x000000074b600000| Complete 
|  66|0x000000074b800000, 0x000000074ba00000, 0x000000074ba00000|100%| E|CS|TAMS 0x000000074b800000, 0x000000074b800000| Complete 
|  67|0x000000074ba00000, 0x000000074bc00000, 0x000000074bc00000|100%| E|CS|TAMS 0x000000074ba00000, 0x000000074ba00000| Complete 
|  68|0x000000074bc00000, 0x000000074be00000, 0x000000074be00000|100%| E|CS|TAMS 0x000000074bc00000, 0x000000074bc00000| Complete 
|  69|0x000000074be00000, 0x000000074c000000, 0x000000074c000000|100%| E|CS|TAMS 0x000000074be00000, 0x000000074be00000| Complete 
|  70|0x000000074c000000, 0x000000074c200000, 0x000000074c200000|100%| E|CS|TAMS 0x000000074c000000, 0x000000074c000000| Complete 
|  71|0x000000074c200000, 0x000000074c400000, 0x000000074c400000|100%| E|CS|TAMS 0x000000074c200000, 0x000000074c200000| Complete 
|  72|0x000000074c400000, 0x000000074c600000, 0x000000074c600000|100%| E|CS|TAMS 0x000000074c400000, 0x000000074c400000| Complete 
|  73|0x000000074c600000, 0x000000074c800000, 0x000000074c800000|100%| E|CS|TAMS 0x000000074c600000, 0x000000074c600000| Complete 
|  74|0x000000074c800000, 0x000000074ca00000, 0x000000074ca00000|100%| E|CS|TAMS 0x000000074c800000, 0x000000074c800000| Complete 
|  94|0x000000074f000000, 0x000000074f200000, 0x000000074f200000|100%| E|CS|TAMS 0x000000074f000000, 0x000000074f000000| Complete 

Card table byte_map: [0x0000020befd20000,0x0000020bf0310000] _byte_map_base: 0x0000020bec306000

Marking Bits (Prev, Next): (CMBitMap*) 0x0000020bdcfb39b0, (CMBitMap*) 0x0000020bdcfb3970
 Prev Bits: [0x0000020bf3830000, 0x0000020bf6760000)
 Next Bits: [0x0000020bf0900000, 0x0000020bf3830000)

Polling page: 0x0000020bdae30000

Metaspace:

Usage:
  Non-class:     70.97 MB used.
      Class:      8.93 MB used.
       Both:     79.90 MB used.

Virtual space:
  Non-class space:      128.00 MB reserved,      71.12 MB ( 56%) committed,  2 nodes.
      Class space:        1.00 GB reserved,       9.06 MB ( <1%) committed,  1 nodes.
             Both:        1.12 GB reserved,      80.19 MB (  7%) committed. 

Chunk freelists:
   Non-Class:  8.53 MB
       Class:  6.94 MB
        Both:  15.47 MB

MaxMetaspaceSize: unlimited
CompressedClassSpaceSize: 1.00 GB
Initial GC threshold: 21.00 MB
Current GC threshold: 133.06 MB
CDS: off
MetaspaceReclaimPolicy: balanced
 - commit_granule_bytes: 65536.
 - commit_granule_words: 8192.
 - virtual_space_node_default_size: 8388608.
 - enlarge_chunks_in_place: 1.
 - new_chunks_are_fully_committed: 0.
 - uncommit_free_chunks: 1.
 - use_allocation_guard: 0.
 - handle_deallocations: 1.


Internal statistics:

num_allocs_failed_limit: 6.
num_arena_births: 370.
num_arena_deaths: 0.
num_vsnodes_births: 3.
num_vsnodes_deaths: 0.
num_space_committed: 1281.
num_space_uncommitted: 0.
num_chunks_returned_to_freelist: 6.
num_chunks_taken_from_freelist: 3042.
num_chunk_merges: 6.
num_chunk_splits: 2471.
num_chunks_enlarged: 2186.
num_inconsistent_stats: 0.

CodeHeap 'non-profiled nmethods': size=120000Kb used=7229Kb max_used=7619Kb free=112770Kb
 bounds [0x0000020be7ed0000, 0x0000020be8650000, 0x0000020bef400000]
CodeHeap 'profiled nmethods': size=120000Kb used=34458Kb max_used=34458Kb free=85541Kb
 bounds [0x0000020be0400000, 0x0000020be25d0000, 0x0000020be7930000]
CodeHeap 'non-nmethods': size=5760Kb used=1403Kb max_used=1479Kb free=4357Kb
 bounds [0x0000020be7930000, 0x0000020be7ba0000, 0x0000020be7ed0000]
 total_blobs=12046 nmethods=11329 adapters=626
 compilation: enabled
              stopped_count=0, restarted_count=0
 full_count=0

Compilation events (20 events):
Event: 24.002 Thread 0x0000020bf93e5930 13914       3       org.jetbrains.kotlin.backend.jvm.lower.UniqueLoopLabelsLowering$lower$1::visitGetValue (13 bytes)
Event: 24.002 Thread 0x0000020bf93e5930 nmethod 13914 0x0000020be2582a10 code [0x0000020be2582c80, 0x0000020be25836f8]
Event: 24.003 Thread 0x0000020bf93e5930 13915       3       org.jetbrains.kotlin.ir.visitors.IrElementVisitor$DefaultImpls::visitWhen (18 bytes)
Event: 24.003 Thread 0x0000020bf93e5930 nmethod 13915 0x0000020be2583b10 code [0x0000020be2583d20, 0x0000020be25843a8]
Event: 24.003 Thread 0x0000020bf93e5930 13918       3       org.jetbrains.kotlin.backend.common.DeclarationTransformer$Visitor::visitGetField (13 bytes)
Event: 24.004 Thread 0x0000020bf93e5930 nmethod 13918 0x0000020be2584610 code [0x0000020be2584900, 0x0000020be2585718]
Event: 24.004 Thread 0x0000020bf93e5930 13919       3       org.jetbrains.kotlin.backend.common.DeclarationTransformer$Visitor::visitGetField (7 bytes)
Event: 24.005 Thread 0x0000020bf93e5930 nmethod 13919 0x0000020be2585c10 code [0x0000020be2585ee0, 0x0000020be2586b98]
Event: 24.005 Thread 0x0000020bf93e5930 13920       3       org.jetbrains.kotlin.backend.common.DeclarationTransformer$Visitor::visitGetField (6 bytes)
Event: 24.006 Thread 0x0000020bf93e5930 nmethod 13920 0x0000020be2587090 code [0x0000020be2587360, 0x0000020be2588018]
Event: 24.006 Thread 0x0000020bf93e5930 13911       3       org.jetbrains.kotlin.backend.jvm.lower.UniqueLoopLabelsLowering$lower$1::visitMemberAccess (8 bytes)
Event: 24.007 Thread 0x0000020bf93e5930 nmethod 13911 0x0000020be2588490 code [0x0000020be2588740, 0x0000020be2589368]
Event: 24.007 Thread 0x0000020bf93e5930 13913       3       org.jetbrains.kotlin.backend.jvm.lower.UniqueLoopLabelsLowering$lower$1::visitFunctionAccess (8 bytes)
Event: 24.008 Thread 0x0000020bf93e5930 nmethod 13913 0x0000020be2589810 code [0x0000020be2589ac0, 0x0000020be258a6e8]
Event: 24.008 Thread 0x0000020bf93e5930 13916       3       org.jetbrains.kotlin.ir.visitors.IrElementVisitorVoid$DefaultImpls::visitVararg (14 bytes)
Event: 24.009 Thread 0x0000020bf93e5930 nmethod 13916 0x0000020be258ab90 code [0x0000020be258ada0, 0x0000020be258b408]
Event: 24.009 Thread 0x0000020bf93e5930 13917       3       org.jetbrains.kotlin.ir.visitors.IrElementVisitorVoid$DefaultImpls::visitVararg (17 bytes)
Event: 24.009 Thread 0x0000020bf93e5930 nmethod 13917 0x0000020be258b690 code [0x0000020be258b8a0, 0x0000020be258bf08]
Event: 24.009 Thread 0x0000020bf93e5930 13909       3       org.jetbrains.kotlin.backend.common.ClassLoweringVisitor::visitBranch (7 bytes)
Event: 24.010 Thread 0x0000020bf93e5930 nmethod 13909 0x0000020be258c190 code [0x0000020be258c4a0, 0x0000020be258d388]

GC Heap History (20 events):
Event: 8.818 GC heap before
{Heap before GC invocations=14 (full 0):
 garbage-first heap   total 92160K, used 67810K [0x0000000743400000, 0x0000000800000000)
  region size 2048K, 16 young (32768K), 2 survivors (4096K)
 Metaspace       used 56834K, committed 57024K, reserved 1114112K
  class space    used 6775K, committed 6848K, reserved 1048576K
}
Event: 8.842 GC heap after
{Heap after GC invocations=15 (full 0):
 garbage-first heap   total 92160K, used 44890K [0x0000000743400000, 0x0000000800000000)
  region size 2048K, 2 young (4096K), 2 survivors (4096K)
 Metaspace       used 56834K, committed 57024K, reserved 1114112K
  class space    used 6775K, committed 6848K, reserved 1048576K
}
Event: 9.035 GC heap before
{Heap before GC invocations=15 (full 0):
 garbage-first heap   total 92160K, used 67418K [0x0000000743400000, 0x0000000800000000)
  region size 2048K, 13 young (26624K), 2 survivors (4096K)
 Metaspace       used 57035K, committed 57280K, reserved 1114112K
  class space    used 6800K, committed 6912K, reserved 1048576K
}
Event: 9.047 GC heap after
{Heap after GC invocations=16 (full 0):
 garbage-first heap   total 92160K, used 46128K [0x0000000743400000, 0x0000000800000000)
  region size 2048K, 1 young (2048K), 1 survivors (2048K)
 Metaspace       used 57035K, committed 57280K, reserved 1114112K
  class space    used 6800K, committed 6912K, reserved 1048576K
}
Event: 9.172 GC heap before
{Heap before GC invocations=17 (full 0):
 garbage-first heap   total 106496K, used 68656K [0x0000000743400000, 0x0000000800000000)
  region size 2048K, 12 young (24576K), 1 survivors (2048K)
 Metaspace       used 57035K, committed 57280K, reserved 1114112K
  class space    used 6800K, committed 6912K, reserved 1048576K
}
Event: 9.175 GC heap after
{Heap after GC invocations=18 (full 0):
 garbage-first heap   total 106496K, used 46046K [0x0000000743400000, 0x0000000800000000)
  region size 2048K, 1 young (2048K), 1 survivors (2048K)
 Metaspace       used 57035K, committed 57280K, reserved 1114112K
  class space    used 6800K, committed 6912K, reserved 1048576K
}
Event: 10.863 GC heap before
{Heap before GC invocations=18 (full 0):
 garbage-first heap   total 106496K, used 78814K [0x0000000743400000, 0x0000000800000000)
  region size 2048K, 17 young (34816K), 1 survivors (2048K)
 Metaspace       used 59829K, committed 60096K, reserved 1114112K
  class space    used 7100K, committed 7232K, reserved 1048576K
}
Event: 10.876 GC heap after
{Heap after GC invocations=19 (full 0):
 garbage-first heap   total 106496K, used 49240K [0x0000000743400000, 0x0000000800000000)
  region size 2048K, 2 young (4096K), 2 survivors (4096K)
 Metaspace       used 59829K, committed 60096K, reserved 1114112K
  class space    used 7100K, committed 7232K, reserved 1048576K
}
Event: 12.416 GC heap before
{Heap before GC invocations=19 (full 0):
 garbage-first heap   total 106496K, used 77912K [0x0000000743400000, 0x0000000800000000)
  region size 2048K, 17 young (34816K), 2 survivors (4096K)
 Metaspace       used 61740K, committed 62080K, reserved 1114112K
  class space    used 7236K, committed 7424K, reserved 1048576K
}
Event: 12.435 GC heap after
{Heap after GC invocations=20 (full 0):
 garbage-first heap   total 106496K, used 53822K [0x0000000743400000, 0x0000000800000000)
  region size 2048K, 3 young (6144K), 3 survivors (6144K)
 Metaspace       used 61740K, committed 62080K, reserved 1114112K
  class space    used 7236K, committed 7424K, reserved 1048576K
}
Event: 14.553 GC heap before
{Heap before GC invocations=20 (full 0):
 garbage-first heap   total 106496K, used 80446K [0x0000000743400000, 0x0000000800000000)
  region size 2048K, 16 young (32768K), 3 survivors (6144K)
 Metaspace       used 63028K, committed 63296K, reserved 1114112K
  class space    used 7276K, committed 7424K, reserved 1048576K
}
Event: 14.571 GC heap after
{Heap after GC invocations=21 (full 0):
 garbage-first heap   total 155648K, used 57334K [0x0000000743400000, 0x0000000800000000)
  region size 2048K, 2 young (4096K), 2 survivors (4096K)
 Metaspace       used 63028K, committed 63296K, reserved 1114112K
  class space    used 7276K, committed 7424K, reserved 1048576K
}
Event: 18.363 GC heap before
{Heap before GC invocations=22 (full 0):
 garbage-first heap   total 155648K, used 118774K [0x0000000743400000, 0x0000000800000000)
  region size 2048K, 32 young (65536K), 2 survivors (4096K)
 Metaspace       used 65493K, committed 65856K, reserved 1114112K
  class space    used 7518K, committed 7680K, reserved 1048576K
}
Event: 18.377 GC heap after
{Heap after GC invocations=23 (full 0):
 garbage-first heap   total 155648K, used 62558K [0x0000000743400000, 0x0000000800000000)
  region size 2048K, 4 young (8192K), 4 survivors (8192K)
 Metaspace       used 65493K, committed 65856K, reserved 1114112K
  class space    used 7518K, committed 7680K, reserved 1048576K
}
Event: 20.487 GC heap before
{Heap before GC invocations=23 (full 0):
 garbage-first heap   total 155648K, used 117854K [0x0000000743400000, 0x0000000800000000)
  region size 2048K, 31 young (63488K), 4 survivors (8192K)
 Metaspace       used 71584K, committed 71872K, reserved 1114112K
  class space    used 8115K, committed 8256K, reserved 1048576K
}
Event: 20.517 GC heap after
{Heap after GC invocations=24 (full 0):
 garbage-first heap   total 155648K, used 68672K [0x0000000743400000, 0x0000000800000000)
  region size 2048K, 3 young (6144K), 3 survivors (6144K)
 Metaspace       used 71584K, committed 71872K, reserved 1114112K
  class space    used 8115K, committed 8256K, reserved 1048576K
}
Event: 22.375 GC heap before
{Heap before GC invocations=24 (full 0):
 garbage-first heap   total 155648K, used 117824K [0x0000000743400000, 0x0000000800000000)
  region size 2048K, 28 young (57344K), 3 survivors (6144K)
 Metaspace       used 76478K, committed 76800K, reserved 1179648K
  class space    used 8600K, committed 8768K, reserved 1048576K
}
Event: 22.394 GC heap after
{Heap after GC invocations=25 (full 0):
 garbage-first heap   total 155648K, used 75826K [0x0000000743400000, 0x0000000800000000)
  region size 2048K, 4 young (8192K), 4 survivors (8192K)
 Metaspace       used 76478K, committed 76800K, reserved 1179648K
  class space    used 8600K, committed 8768K, reserved 1048576K
}
Event: 23.571 GC heap before
{Heap before GC invocations=25 (full 0):
 garbage-first heap   total 155648K, used 118834K [0x0000000743400000, 0x0000000800000000)
  region size 2048K, 25 young (51200K), 4 survivors (8192K)
 Metaspace       used 81285K, committed 81600K, reserved 1179648K
  class space    used 9101K, committed 9280K, reserved 1048576K
}
Event: 23.590 GC heap after
{Heap after GC invocations=26 (full 0):
 garbage-first heap   total 155648K, used 80708K [0x0000000743400000, 0x0000000800000000)
  region size 2048K, 3 young (6144K), 3 survivors (6144K)
 Metaspace       used 81285K, committed 81600K, reserved 1179648K
  class space    used 9101K, committed 9280K, reserved 1048576K
}

Dll operation events (2 events):
Event: 0.013 Loaded shared library C:\Program Files\Android\Android Studio1\jbr\bin\java.dll
Event: 1.835 Loaded shared library C:\Program Files\Android\Android Studio1\jbr\bin\verify.dll

Deoptimization events (20 events):
Event: 23.899 Thread 0x0000020bdcf5b050 Uncommon trap: trap_request=0xffffff45 fr.pc=0x0000020be85296b8 relative=0x0000000000004b98
Event: 23.899 Thread 0x0000020bdcf5b050 Uncommon trap: reason=unstable_if action=reinterpret pc=0x0000020be85296b8 method=org.jetbrains.kotlin.backend.jvm.MfvcNodeKt.needsMfvcFlattening(Lorg/jetbrains/kotlin/ir/types/IrType;)Z @ 31 c2
Event: 23.899 Thread 0x0000020bdcf5b050 DEOPT PACKING pc=0x0000020be85296b8 sp=0x00000030a80fd270
Event: 23.899 Thread 0x0000020bdcf5b050 DEOPT UNPACKING pc=0x0000020be798a1a3 sp=0x00000030a80fd0d8 mode 2
Event: 23.983 Thread 0x0000020bdcf5b050 Uncommon trap: trap_request=0xffffffc6 fr.pc=0x0000020be8113714 relative=0x0000000000000ed4
Event: 23.983 Thread 0x0000020bdcf5b050 Uncommon trap: reason=bimorphic_or_optimized_type_check action=maybe_recompile pc=0x0000020be8113714 method=gnu.trove.TObjectHash.insertionIndex(Ljava/lang/Object;)I @ 13 c2
Event: 23.983 Thread 0x0000020bdcf5b050 DEOPT PACKING pc=0x0000020be8113714 sp=0x00000030a80fd6d0
Event: 23.983 Thread 0x0000020bdcf5b050 DEOPT UNPACKING pc=0x0000020be798a1a3 sp=0x00000030a80fd680 mode 2
Event: 23.993 Thread 0x0000020bdcf5b050 Uncommon trap: trap_request=0xffffffc6 fr.pc=0x0000020be815eca4 relative=0x0000000000000e64
Event: 23.993 Thread 0x0000020bdcf5b050 Uncommon trap: reason=bimorphic_or_optimized_type_check action=maybe_recompile pc=0x0000020be815eca4 method=gnu.trove.TObjectHash.index(Ljava/lang/Object;)I @ 22 c2
Event: 23.993 Thread 0x0000020bdcf5b050 DEOPT PACKING pc=0x0000020be815eca4 sp=0x00000030a80fca80
Event: 23.993 Thread 0x0000020bdcf5b050 DEOPT UNPACKING pc=0x0000020be798a1a3 sp=0x00000030a80fca18 mode 2
Event: 23.993 Thread 0x0000020bdcf5b050 Uncommon trap: trap_request=0xffffffc6 fr.pc=0x0000020be815eca4 relative=0x0000000000000e64
Event: 23.993 Thread 0x0000020bdcf5b050 Uncommon trap: reason=bimorphic_or_optimized_type_check action=maybe_recompile pc=0x0000020be815eca4 method=gnu.trove.TObjectHash.index(Ljava/lang/Object;)I @ 22 c2
Event: 23.993 Thread 0x0000020bdcf5b050 DEOPT PACKING pc=0x0000020be815eca4 sp=0x00000030a80fca80
Event: 23.993 Thread 0x0000020bdcf5b050 DEOPT UNPACKING pc=0x0000020be798a1a3 sp=0x00000030a80fca18 mode 2
Event: 23.993 Thread 0x0000020bdcf5b050 Uncommon trap: trap_request=0xffffffc6 fr.pc=0x0000020be815eca4 relative=0x0000000000000e64
Event: 23.993 Thread 0x0000020bdcf5b050 Uncommon trap: reason=bimorphic_or_optimized_type_check action=maybe_recompile pc=0x0000020be815eca4 method=gnu.trove.TObjectHash.index(Ljava/lang/Object;)I @ 22 c2
Event: 23.993 Thread 0x0000020bdcf5b050 DEOPT PACKING pc=0x0000020be815eca4 sp=0x00000030a80fca80
Event: 23.993 Thread 0x0000020bdcf5b050 DEOPT UNPACKING pc=0x0000020be798a1a3 sp=0x00000030a80fca18 mode 2

Classes unloaded (0 events):
No events

Classes redefined (0 events):
No events

Internal exceptions (20 events):
Event: 9.990 Thread 0x0000020bdcf5b050 Exception <a 'java/lang/IncompatibleClassChangeError'{0x0000000748378a38}: Found class java.lang.Object, but interface was expected> (0x0000000748378a38) 
thrown [s\src\hotspot\share\interpreter\linkResolver.cpp, line 838]
Event: 10.272 Thread 0x0000020bdcf5b050 Implicit null exception at 0x0000020be818d7bc to 0x0000020be818e0b8
Event: 11.046 Thread 0x0000020bdcf5b050 Exception <a 'java/lang/NoSuchMethodError'{0x000000074c612880}: 'java.lang.Object java.lang.invoke.DirectMethodHandle$Holder.newInvokeSpecial(java.lang.Object, java.lang.Object, java.lang.Object, java.lang.Object, java.lang.Object, java.lang.Object, java.lang.Object)'> (0x000000074c612880) 
thrown [s\src\hotspot\share\interpreter\linkResolver.cpp, line 771]
Event: 11.047 Thread 0x0000020bdcf5b050 Exception <a 'java/lang/NoSuchMethodError'{0x000000074c617438}: 'java.lang.Object java.lang.invoke.Invokers$Holder.linkToTargetMethod(java.lang.Object, java.lang.Object, java.lang.Object, java.lang.Object, java.lang.Object, java.lang.Object, java.lang.Object)'> (0x000000074c617438) 
thrown [s\src\hotspot\share\interpreter\linkResolver.cpp, line 771]
Event: 11.340 Thread 0x0000020bdcf5b050 Implicit null exception at 0x0000020be8106314 to 0x0000020be810bfc0
Event: 12.095 Thread 0x0000020bdcf5b050 Exception <a 'java/lang/NoSuchMethodError'{0x0000000748674420}: 'java.lang.Object java.lang.invoke.DirectMethodHandle$Holder.newInvokeSpecial(java.lang.Object, java.lang.Object, java.lang.Object, java.lang.Object, java.lang.Object, java.lang.Object, java.lang.Object, java.lang.Object)'> (0x0000000748674420) 
thrown [s\src\hotspot\share\interpreter\linkResolver.cpp, line 771]
Event: 12.096 Thread 0x0000020bdcf5b050 Exception <a 'java/lang/NoSuchMethodError'{0x0000000748679ce0}: 'java.lang.Object java.lang.invoke.DirectMethodHandle$Holder.invokeSpecial(java.lang.Object, java.lang.Object, java.lang.Object, java.lang.Object, java.lang.Object, java.lang.Object, java.lang.Object, java.lang.Object, java.lang.Object)'> (0x0000000748679ce0) 
thrown [s\src\hotspot\share\interpreter\linkResolver.cpp, line 771]
Event: 12.097 Thread 0x0000020bdcf5b050 Exception <a 'java/lang/NoSuchMethodError'{0x000000074867eeb8}: 'java.lang.Object java.lang.invoke.Invokers$Holder.linkToTargetMethod(java.lang.Object, java.lang.Object, java.lang.Object, java.lang.Object, java.lang.Object, java.lang.Object, java.lang.Object, java.lang.Object)'> (0x000000074867eeb8) 
thrown [s\src\hotspot\share\interpreter\linkResolver.cpp, line 771]
Event: 17.716 Thread 0x0000020bdcf5b050 Exception <a 'java/lang/NoSuchMethodError'{0x0000000749cff648}: 'java.lang.Object java.lang.invoke.DirectMethodHandle$Holder.newInvokeSpecial(java.lang.Object, int, java.lang.Object, java.lang.Object)'> (0x0000000749cff648) 
thrown [s\src\hotspot\share\interpreter\linkResolver.cpp, line 771]
Event: 18.550 Thread 0x0000020bdcf5b050 Implicit null exception at 0x0000020be827e657 to 0x0000020be827e934
Event: 18.844 Thread 0x0000020bdcf5b050 Exception <a 'java/lang/NoSuchMethodError'{0x000000074c3a0418}: 'java.lang.Object java.lang.invoke.DirectMethodHandle$Holder.invokeStaticInit(java.lang.Object, java.lang.Object, java.lang.Object, java.lang.Object)'> (0x000000074c3a0418) 
thrown [s\src\hotspot\share\interpreter\linkResolver.cpp, line 771]
Event: 19.261 Thread 0x0000020bdcf5b050 Exception <a 'java/lang/NoSuchMethodError'{0x000000074b53e630}: 'java.lang.Object java.lang.invoke.DirectMethodHandle$Holder.newInvokeSpecial(java.lang.Object, java.lang.Object, java.lang.Object, int, int)'> (0x000000074b53e630) 
thrown [s\src\hotspot\share\interpreter\linkResolver.cpp, line 771]
Event: 19.262 Thread 0x0000020bdcf5b050 Exception <a 'java/lang/NoSuchMethodError'{0x000000074b542470}: 'java.lang.Object java.lang.invoke.DirectMethodHandle$Holder.invokeSpecial(java.lang.Object, java.lang.Object, java.lang.Object, java.lang.Object, int, int)'> (0x000000074b542470) 
thrown [s\src\hotspot\share\interpreter\linkResolver.cpp, line 771]
Event: 19.342 Thread 0x0000020bdcf5b050 Exception <a 'java/lang/NoSuchMethodError'{0x000000074b2f85c0}: 'java.lang.Object java.lang.invoke.Invokers$Holder.linkToTargetMethod(java.lang.Object, java.lang.Object, int, int, java.lang.Object, java.lang.Object, java.lang.Object, java.lang.Object, java.lang.Object)'> (0x000000074b2f85c0) 
thrown [s\src\hotspot\share\interpreter\linkResolver.cpp, line 771]
Event: 19.400 Thread 0x0000020bdcf5b050 Implicit null exception at 0x0000020be7f3c6f0 to 0x0000020be7f3c934
Event: 19.423 Thread 0x0000020bdcf5b050 Exception <a 'java/lang/NoSuchMethodError'{0x000000074b04bbe8}: 'java.lang.Object java.lang.invoke.DirectMethodHandle$Holder.newInvokeSpecial(java.lang.Object, java.lang.Object, int, int, java.lang.Object, java.lang.Object, java.lang.Object)'> (0x000000074b04bbe8) 
thrown [s\src\hotspot\share\interpreter\linkResolver.cpp, line 771]
Event: 19.424 Thread 0x0000020bdcf5b050 Exception <a 'java/lang/NoSuchMethodError'{0x000000074b050490}: 'java.lang.Object java.lang.invoke.DirectMethodHandle$Holder.invokeSpecial(java.lang.Object, java.lang.Object, java.lang.Object, int, int, java.lang.Object, java.lang.Object, java.lang.Object)'> (0x000000074b050490) 
thrown [s\src\hotspot\share\interpreter\linkResolver.cpp, line 771]
Event: 20.160 Thread 0x0000020bdcf5b050 Exception <a 'java/lang/NoSuchMethodError'{0x000000074a06a2a8}: 'java.lang.Object java.lang.invoke.DirectMethodHandle$Holder.invokeStatic(java.lang.Object, java.lang.Object, java.lang.Object, int, int, java.lang.Object, java.lang.Object, java.lang.Object, java.lang.Object)'> (0x000000074a06a2a8) 
thrown [s\src\hotspot\share\interpreter\linkResolver.cpp, line 771]
Event: 20.161 Thread 0x0000020bdcf5b050 Exception <a 'java/lang/NoSuchMethodError'{0x000000074a074570}: 'java.lang.Object java.lang.invoke.DirectMethodHandle$Holder.newInvokeSpecial(java.lang.Object, java.lang.Object, java.lang.Object, int, int, java.lang.Object)'> (0x000000074a074570) 
thrown [s\src\hotspot\share\interpreter\linkResolver.cpp, line 771]
Event: 20.162 Thread 0x0000020bdcf5b050 Exception <a 'java/lang/NoSuchMethodError'{0x000000074a07bf10}: 'java.lang.Object java.lang.invoke.Invokers$Holder.linkToTargetMethod(java.lang.Object, java.lang.Object, int, int, java.lang.Object, java.lang.Object)'> (0x000000074a07bf10) 
thrown [s\src\hotspot\share\interpreter\linkResolver.cpp, line 771]

VM Operations (20 events):
Event: 23.329 Executing VM operation: HandshakeAllThreads
Event: 23.329 Executing VM operation: HandshakeAllThreads done
Event: 23.356 Executing VM operation: HandshakeAllThreads
Event: 23.356 Executing VM operation: HandshakeAllThreads done
Event: 23.369 Executing VM operation: ICBufferFull
Event: 23.370 Executing VM operation: ICBufferFull done
Event: 23.507 Executing VM operation: HandshakeAllThreads
Event: 23.508 Executing VM operation: HandshakeAllThreads done
Event: 23.561 Executing VM operation: ICBufferFull
Event: 23.561 Executing VM operation: ICBufferFull done
Event: 23.571 Executing VM operation: G1CollectForAllocation
Event: 23.590 Executing VM operation: G1CollectForAllocation done
Event: 23.627 Executing VM operation: HandshakeAllThreads
Event: 23.627 Executing VM operation: HandshakeAllThreads done
Event: 23.628 Executing VM operation: HandshakeAllThreads
Event: 23.629 Executing VM operation: HandshakeAllThreads done
Event: 23.704 Executing VM operation: G1PauseRemark
Event: 23.718 Executing VM operation: G1PauseRemark done
Event: 23.774 Executing VM operation: G1PauseCleanup
Event: 23.774 Executing VM operation: G1PauseCleanup done

Events (20 events):
Event: 23.542 Thread 0x0000020bf93e6330 flushing nmethod 0x0000020be232d490
Event: 23.542 Thread 0x0000020bf93e6330 flushing nmethod 0x0000020be232e910
Event: 23.542 Thread 0x0000020bf93e6330 flushing nmethod 0x0000020be2332b90
Event: 23.542 Thread 0x0000020bf93e6330 flushing nmethod 0x0000020be2334010
Event: 23.542 Thread 0x0000020bf93e6330 flushing nmethod 0x0000020be2337a90
Event: 23.542 Thread 0x0000020bf93e6330 flushing nmethod 0x0000020be2338f90
Event: 23.542 Thread 0x0000020bf93e6330 flushing nmethod 0x0000020be2339690
Event: 23.542 Thread 0x0000020bf93e6330 flushing nmethod 0x0000020be233d290
Event: 23.542 Thread 0x0000020bf93e6330 flushing nmethod 0x0000020be2366310
Event: 23.542 Thread 0x0000020bf93e6330 flushing nmethod 0x0000020be2366910
Event: 23.542 Thread 0x0000020bf93e6330 flushing nmethod 0x0000020be2367b90
Event: 23.542 Thread 0x0000020bf93e6330 flushing nmethod 0x0000020be236b290
Event: 23.542 Thread 0x0000020bf93e6330 flushing nmethod 0x0000020be236d590
Event: 23.543 Thread 0x0000020bf93e6330 flushing nmethod 0x0000020be23a9610
Event: 23.543 Thread 0x0000020bf93e6330 flushing nmethod 0x0000020be23aa690
Event: 23.543 Thread 0x0000020bf93e6330 flushing nmethod 0x0000020be23b5310
Event: 23.543 Thread 0x0000020bf93e6330 flushing nmethod 0x0000020be23c2310
Event: 23.543 Thread 0x0000020bf93e6330 flushing nmethod 0x0000020be240cb90
Event: 23.543 Thread 0x0000020bf93e6330 flushing nmethod 0x0000020be2412790
Event: 23.544 Thread 0x0000020bf93e6330 flushing nmethod 0x0000020be251d010


Dynamic libraries:
0x00007ff622880000 - 0x00007ff62288a000 	C:\Program Files\Android\Android Studio1\jbr\bin\java.exe
0x00007ff8adb60000 - 0x00007ff8addc8000 	C:\WINDOWS\SYSTEM32\ntdll.dll
0x00007ff8acb00000 - 0x00007ff8acbc9000 	C:\WINDOWS\System32\KERNEL32.DLL
0x00007ff8ab500000 - 0x00007ff8ab8f1000 	C:\WINDOWS\System32\KERNELBASE.dll
0x00007ff8aa4d0000 - 0x00007ff8aa61b000 	C:\WINDOWS\System32\ucrtbase.dll
0x00007ff8a4680000 - 0x00007ff8a469b000 	C:\Program Files\Android\Android Studio1\jbr\bin\VCRUNTIME140.dll
0x00007ff8996f0000 - 0x00007ff899707000 	C:\Program Files\Android\Android Studio1\jbr\bin\jli.dll
0x00007ff8ab910000 - 0x00007ff8abad6000 	C:\WINDOWS\System32\USER32.dll
0x00007ff8942f0000 - 0x00007ff894583000 	C:\WINDOWS\WinSxS\amd64_microsoft.windows.common-controls_6595b64144ccf1df_6.0.26100.7705_none_3e06597ae3363b04\COMCTL32.dll
0x00007ff8ab180000 - 0x00007ff8ab1a7000 	C:\WINDOWS\System32\win32u.dll
0x00007ff8ad2a0000 - 0x00007ff8ad349000 	C:\WINDOWS\System32\msvcrt.dll
0x00007ff8ad180000 - 0x00007ff8ad1ab000 	C:\WINDOWS\System32\GDI32.dll
0x00007ff8ab1b0000 - 0x00007ff8ab2db000 	C:\WINDOWS\System32\gdi32full.dll
0x00007ff8aa620000 - 0x00007ff8aa6c3000 	C:\WINDOWS\System32\msvcp_win.dll
0x00007ff8ada90000 - 0x00007ff8adac1000 	C:\WINDOWS\System32\IMM32.DLL
0x0000000067750000 - 0x000000006775c000 	C:\Program Files (x86)\360\Total Security\safemon\SafeWrapper.dll
0x00007ff8ad6c0000 - 0x00007ff8ad774000 	C:\WINDOWS\System32\ADVAPI32.dll
0x00007ff8ad610000 - 0x00007ff8ad6b6000 	C:\WINDOWS\System32\sechost.dll
0x00007ff8accd0000 - 0x00007ff8acde8000 	C:\WINDOWS\System32\RPCRT4.dll
0x00007ff8757a0000 - 0x00007ff87584c000 	C:\Program Files (x86)\360\Total Security\safemon\libzdtp64.dll
0x00007ff8abae0000 - 0x00007ff8ac231000 	C:\WINDOWS\System32\SHELL32.dll
0x00007ff8ab390000 - 0x00007ff8ab4fa000 	C:\WINDOWS\System32\wintypes.dll
0x00007ff8acdf0000 - 0x00007ff8ad176000 	C:\WINDOWS\System32\combase.dll
0x00007ff8ac910000 - 0x00007ff8ac977000 	C:\WINDOWS\System32\SHLWAPI.dll
0x00007ff8aa850000 - 0x00007ff8ab0b2000 	C:\WINDOWS\System32\Windows.Storage.dll
0x00007ff8a9d60000 - 0x00007ff8a9d6b000 	C:\WINDOWS\SYSTEM32\VERSION.dll
0x00007ff89bf30000 - 0x00007ff89bf3c000 	C:\Program Files\Android\Android Studio1\jbr\bin\vcruntime140_1.dll
0x00007ff872bf0000 - 0x00007ff872c7d000 	C:\Program Files\Android\Android Studio1\jbr\bin\msvcp140.dll
0x00007ff849920000 - 0x00007ff84a5a3000 	C:\Program Files\Android\Android Studio1\jbr\bin\server\jvm.dll
0x00007ff88f570000 - 0x00007ff88f5a5000 	C:\WINDOWS\SYSTEM32\WINMM.dll
0x00007ff89d330000 - 0x00007ff89d33a000 	C:\WINDOWS\SYSTEM32\WSOCK32.dll
0x00007ff8aa2c0000 - 0x00007ff8aa31e000 	C:\WINDOWS\SYSTEM32\POWRPROF.dll
0x00007ff8ac800000 - 0x00007ff8ac874000 	C:\WINDOWS\System32\WS2_32.dll
0x00007ff8aa2a0000 - 0x00007ff8aa2b4000 	C:\WINDOWS\SYSTEM32\UMPDC.dll
0x00007ff8a9150000 - 0x00007ff8a916b000 	C:\WINDOWS\SYSTEM32\kernel.appcore.dll
0x00007ff8a6690000 - 0x00007ff8a669a000 	C:\Program Files\Android\Android Studio1\jbr\bin\jimage.dll
0x00007ff89e0c0000 - 0x00007ff89e302000 	C:\WINDOWS\SYSTEM32\DBGHELP.DLL
0x00007ff8ad1c0000 - 0x00007ff8ad297000 	C:\WINDOWS\System32\OLEAUT32.dll
0x00007ff89e080000 - 0x00007ff89e0bb000 	C:\WINDOWS\SYSTEM32\dbgcore.DLL
0x00007ff8ab2e0000 - 0x00007ff8ab385000 	C:\WINDOWS\System32\bcryptPrimitives.dll
0x00007ff893a40000 - 0x00007ff893a65000 	C:\Program Files\Android\Android Studio1\jbr\bin\java.dll
0x00007ff8a4760000 - 0x00007ff8a4778000 	C:\Program Files\Android\Android Studio1\jbr\bin\zip.dll
0x00007ff8ac6d0000 - 0x00007ff8ac7c6000 	C:\WINDOWS\System32\SHCORE.dll
0x00007ff8aa360000 - 0x00007ff8aa389000 	C:\WINDOWS\SYSTEM32\profapi.dll
0x00007ff89aad0000 - 0x00007ff89aae9000 	C:\Program Files\Android\Android Studio1\jbr\bin\net.dll
0x00007ff8a2070000 - 0x00007ff8a2197000 	C:\WINDOWS\SYSTEM32\WINHTTP.dll
0x00007ff8a96d0000 - 0x00007ff8a973b000 	C:\WINDOWS\system32\mswsock.dll
0x00007ff89a780000 - 0x00007ff89a796000 	C:\Program Files\Android\Android Studio1\jbr\bin\nio.dll
0x00007ff89f190000 - 0x00007ff89f1a0000 	C:\Program Files\Android\Android Studio1\jbr\bin\verify.dll

dbghelp: loaded successfully - version: 4.0.5 - missing functions: none
symbol engine: initialized successfully - sym options: 0x614 - pdb path: .;C:\Program Files\Android\Android Studio1\jbr\bin;C:\WINDOWS\SYSTEM32;C:\WINDOWS\WinSxS\amd64_microsoft.windows.common-controls_6595b64144ccf1df_6.0.26100.7705_none_3e06597ae3363b04;C:\Program Files (x86)\360\Total Security\safemon;C:\Program Files\Android\Android Studio1\jbr\bin\server

VM Arguments:
java_command: org.jetbrains.kotlin.cli.jvm.K2JVMCompiler @D:\SmartAgri Mobile Application\SmartAgri\app\build\20260212_15813671039368145980.compiler.options
java_class_path (initial): C:\Users\acer\.gradle\caches\modules-2\files-2.1\org.jetbrains.kotlin\kotlin-compiler-embeddable\1.9.0\2c8c3a7402becca891f12739b3e9fd2dc2adbd7a\kotlin-compiler-embeddable-1.9.0.jar;C:\Users\acer\.gradle\caches\modules-2\files-2.1\org.jetbrains.kotlin\kotlin-stdlib\1.9.0\8ee15ef0c67dc83d874f412d84378d7f0eb50b63\kotlin-stdlib-1.9.0.jar;C:\Users\acer\.gradle\caches\modules-2\files-2.1\org.jetbrains.kotlin\kotlin-script-runtime\1.9.0\4b3102cbbb7e1b58d9d1adf89563f00069ffa7d1\kotlin-script-runtime-1.9.0.jar;C:\Users\acer\.gradle\caches\modules-2\files-2.1\org.jetbrains.kotlin\kotlin-reflect\1.6.10\1cbe9c92c12a94eea200d23c2bbaedaf3daf5132\kotlin-reflect-1.6.10.jar;C:\Users\acer\.gradle\caches\modules-2\files-2.1\org.jetbrains.kotlin\kotlin-daemon-embeddable\1.9.0\186543f5e28cf8d9a0290fecc2cf34301c40a65c\kotlin-daemon-embeddable-1.9.0.jar;C:\Users\acer\.gradle\caches\modules-2\files-2.1\org.jetbrains.intellij.deps\trove4j\1.0.20200330\3afb14d5f9ceb459d724e907a21145e8ff394f02\trove4j-1.0.20200330.jar;C:\Users\acer\.gradle\caches\modules-2\files-2.1\org.jetbrains.kotlin\kotlin-stdlib-common\1.9.0\cd65c21cfd1eec4d44ef09f9f52b6d9f8a720636\kotlin-stdlib-common-1.9.0.jar;C:\Users\acer\.gradle\caches\modules-2\files-2.1\org.jetbrains\annotations\13.0\919f0dfe192fb4e063e7dacadee7f8bb9a2672a9\annotations-13.0.jar
Launcher Type: SUN_STANDARD

[Global flags]
     intx CICompilerCount                          = 4                                         {product} {ergonomic}
     uint ConcGCThreads                            = 2                                         {product} {ergonomic}
     uint G1ConcRefinementThreads                  = 8                                         {product} {ergonomic}
   size_t G1HeapRegionSize                         = 2097152                                   {product} {ergonomic}
    uintx GCDrainStackTargetSize                   = 64                                        {product} {ergonomic}
   size_t InitialHeapSize                          = 199229440                                 {product} {ergonomic}
   size_t MarkStackSize                            = 4194304                                   {product} {ergonomic}
   size_t MaxHeapSize                              = 3166699520                                {product} {ergonomic}
   size_t MaxNewSize                               = 1900019712                                {product} {ergonomic}
   size_t MinHeapDeltaBytes                        = 2097152                                   {product} {ergonomic}
   size_t MinHeapSize                              = 8388608                                   {product} {ergonomic}
    uintx NonNMethodCodeHeapSize                   = 5839372                                {pd product} {ergonomic}
    uintx NonProfiledCodeHeapSize                  = 122909434                              {pd product} {ergonomic}
    uintx ProfiledCodeHeapSize                     = 122909434                              {pd product} {ergonomic}
    uintx ReservedCodeCacheSize                    = 251658240                              {pd product} {ergonomic}
     bool SegmentedCodeCache                       = true                                      {product} {ergonomic}
   size_t SoftMaxHeapSize                          = 3166699520                             {manageable} {ergonomic}
     bool UseCompressedClassPointers               = true                           {product lp64_product} {ergonomic}
     bool UseCompressedOops                        = true                           {product lp64_product} {ergonomic}
     bool UseG1GC                                  = true                                      {product} {ergonomic}
     bool UseLargePagesIndividualAllocation        = false                                  {pd product} {ergonomic}

Logging:
Log output configuration:
 #0: stdout all=warning uptime,level,tags
 #1: stderr all=off uptime,level,tags

Environment Variables:
JAVA_HOME=C:\Program Files\JAVA\jdk-21.0.10
PATH=C:\Program Files\JAVA\jdk-21.0.10\bin;C:\Program Files\Eclipse Adoptium\jdk-17.0.17.10-hotspot\bin;C:\Python27\;C:\Python27\Scripts;C:\WINDOWS\system32;C:\WINDOWS;C:\WINDOWS\System32\Wbem;C:\WINDOWS\System32\WindowsPowerShell\v1.0\;C:\WINDOWS\System32\OpenSSH\;C:\Program Files\Microsoft SQL Server\Client SDK\ODBC\170\Tools\Binn\;C:\Program Files\dotnet\;C:\Program Files (x86)\Windows Kits\10\Windows Performance Toolkit\;C:\Program Files\Microsoft SQL Server\150\Tools\Binn\;C:\Program Files (x86)\Microsoft SQL Server\160\Tools\Binn\;C:\Program Files\Microsoft SQL Server\160\Tools\Binn\;C:\Program Files\Microsoft SQL Server\160\DTS\Binn\;C:\webdriver;C:\Program Files\Git\cmd;C:\apache-cassandra-3.11.6\bin;C:\Program Files\jdk8u442-b06\bin;C:\Program Files\Docker\Docker\resources\bin;C:\Program Files\MongoDB\mongosh-2.5.0-win32-x64\bin;C:\Users\acer\.config\herd\bin\nvm;C:\Program Files\nodejs;C:\ProgramData\ComposerSetup\bin;C:\xampp\php;C:\php-8.4.11;C:\xampps\php;C:\Program Files\nodejs\;C:\Program Files\JAVA\jdk-21.0.10;C:\Program Files\JAVA\jdk-21.0.10;C:\Users\acer\AppData\Local\Programs\Microsoft VS Code\bin
USERNAME=acer
OS=Windows_NT
PROCESSOR_IDENTIFIER=Intel64 Family 6 Model 126 Stepping 5, GenuineIntel
TMP=C:\Users\acer\AppData\Local\Temp
TEMP=C:\Users\acer\AppData\Local\Temp



Periodic native trim disabled

JNI global refs:
JNI global refs: 13, weak refs: 8

JNI global refs memory usage: 843, weak refs: 841

OOME stack traces (most recent first):
Classloader memory used:
Loader jdk.internal.loader.ClassLoaders$AppClassLoader                                 : 8813K
Loader bootstrap                                                                       : 1377K
Loader jdk.internal.reflect.DelegatingClassLoader                                      : 22921B
Loader java.net.URLClassLoader                                                         : 13325B
Loader jdk.internal.loader.ClassLoaders$PlatformClassLoader                            : 2276B


---------------  S Y S T E M  ---------------

OS:
 Windows 11 , 64 bit Build 26100 (10.0.26100.7705)
OS uptime: 0 days 7:16 hours
Hyper-V role detected

CPU: total 8 (initial active 8) (4 cores per cpu, 2 threads per core) family 6 model 126 stepping 5 microcode 0x86, cx8, cmov, fxsr, ht, mmx, 3dnowpref, sse, sse2, sse3, ssse3, sse4.1, sse4.2, popcnt, lzcnt, tsc, tscinvbit, avx, avx2, aes, erms, clmul, bmi1, bmi2, adx, avx512f, avx512dq, avx512cd, avx512bw, avx512vl, sha, fma, vzeroupper, avx512_vpopcntdq, avx512_vpclmulqdq, avx512_vaes, avx512_vnni, clflush, clflushopt, avx512_vbmi2, avx512_vbmi, hv
Processor Information for all 8 processors :
  Max Mhz: 1190, Current Mhz: 991, Mhz Limit: 987

Memory: 4k page, system-wide physical 12077M (1157M free)
TotalPageFile size 15589M (AvailPageFile size 13M)
current process WorkingSet (physical memory assigned to process): 387M, peak: 396M
current process commit charge ("private bytes"): 422M, peak: 435M

vm_info: OpenJDK 64-Bit Server VM (17.0.9+0--11185874) for windows-amd64 JRE (17.0.9+0--11185874), built on Dec  6 2023 18:57:44 by "androidbuild" with MS VC++ 16.10 / 16.11 (VS2019)

END.
